// Vitest Snapshot v1, https://vitest.dev/guide/snapshot.html

exports[`<ModalBody /> > container matches snapshot 1`] = `
.c0 {
  padding: 1rem;
  overflow-y: auto;
}

<div
  class="c0"
>
  Test Footer Content
</div>
`;
